aa.................................................................................................................................................................................................................................................................................................................................................................aa
aa.................................................................................................................................................................................................................................................................................................................................................................aa
aa.................................................................................................................................................................................................................................................................................................................................................................aa
aa.................................................................................................................................................................................................................................................................................................................................................................aa
aa............................................................................................................................................................................................................................................................................................................................jjjjjj...............................aa
aa..............................................................................................................................................................................................................................................................................................................................................................#..aa
aa...........................................................................................................................................................................................................................................................................................................................................................ggggggaa
aa..........................................................................................................................................................jjj..............................................................................................................................B...A.........C|...........................................A|gggggggggaa
aa..............................................................................................................................................................................................................................................................|ggggggggg..............|...hgggggggggggggggg.......................................A..ggggggggggggaa
aa...................................................................................................................................................jjj...........jjj.......................................................................................A.gggggggggggghhh.B......B.hhhhgggggggggggggggggg......................................gggggggggggggggaa
aa...........................................................................................................................................................................................................................................................ggggggggggggggghhhhhhhhhhhhhhhgggggggggggggggggggg..................................ggggggggggggggggggaa
aa.....................jjjj..................................................................................................................jjjj........................jjjj..............................................................................gggggggggggggggggghhhhhhhhhhhhhgggggggggggggggggggggg..............................gggggggggggggggggggggaa
aa.....................................................................................................................................................................................................................................................C.ggggggggggggggggggggghhhhhhhhhhhhggggggggggggggggggggggg.......................A..ggggggggggggggggggggggggaa
aa.....................................................................................................................................................................................................................................................gggggggggggggggggggggggghhhhhhhhhhhgggggggggggggggggggggggg......................gggggggggggggggggggggggggggaa
aa.....................................jjjjjj....................................C...C..............................................................................................................................................................gggggggggggggggggggggggggggghhhhhhhhhgggggggggggggggggggggggggg...............C....ggggggggggggggggggggggggggggaa
aa...$...@..........A.........|........jjjjjj......B...............|............gggggggg..|.........................................|..........................A...A.................|.........C.....A.....B...A....|...........B.....A....C..|..gggggggggggggggggggggggggggggggghhhhhhhhgggggggggggggggggggiggggggg..................gggggggggggggggggggggggggggggaa
aaffffffffffffffffffff......fffffffffffffffffffffff....B...........ffffffffffffffffffffffffffffffffffffffffff..................B...fffffffffffffffffffffffffffffffffffffffffffffffffffffffffffffffffffffffffffffffffffffffffffffffffffffffffffggggggggggggggggggggggggggggggggggggggghhggggggggggggggggggggggggggggggggggggggggggggggggggggggggggggggggggggggggggggaa
aafffffffffffffffffffffffffffffffffffffffffffffffffff.....B....fffffffifffffffffffffffffffffffffffffffffffffff.......A..A..A...ffffffffffffiffffffffffffffffffffffffffffffffffffffffffffffffffffffffffffffffiffffffffffffffffffffffffffffffggggggggggggggggggggggggggggggggggggggggggghggggggggggggggggggggggggggggggggggggggggggggggggggggggggggggggggggggggggggggaa
aaffffffffffffffffffffffffffffffffffffffffffffffffffffffffffffffffffffffffffffffffffffffffffffffffffiffffffffffffffffffffffffffffffffffffffffffffffffffffffffffffffffffffffffffffffffifffffffffffffffffffffffffffffffffffffffffffffffffffggggggggggggggggggggggggggggggggggggggggggggggggggggggggggggggggggggggggggggggggggggggggggggggggggggggggggggggggggggggggggaa
