ll....................................................................................................................................................................................................................................................................................................................................................................................................................................................................................................................................................aaaaaaaaaaaaaaaaaaaaaaaaaaaaaaaaaaaaaaaaa
ll....................................................................................................................................................................................................................................................................................................................................................................................................................................................................................................................................................aaaaaaaaaaaaaaaaaaaaaaaaaaaaaaaaaaaaaaaaa
ll....................................................................................................................................................................................................................................................................................................................................................................................................................................................................................................................................................aaaaaaaaaaaaaaaaaaaaaa............aaaaaaa
ll....................................................................................................................................................................................................................................................................................................................................................................................................................................................................................................................................................aaaaaaaaaaaaaaaaaaaaa..................aa
ll....................................................................................................................................................................................................................................................................................................................................................................................................................................................................................................................................................aaaaaaaaaaaaaaaaaaa....................aa
ll....................................................................................................................................................................................................................................................................................................................................................................................................................................................................................................................................................aaaaaaaaaaaaaaaaaaa....................aa
ll....................................................................................................................................................................................................................................................................................................................................................................................................................................................................................................................................................aaaaaaaaaaaaaaaaaaa..........aaaaaa....aa
ll..$.@......C..C..C......|...........................................................................................................................................................................................................................................................................................................................................................................................................................................................................................................................aaaaaaaaaaaaaaaaaaa..........aaaaaa....aa
llmkkkkkkkkkkkkkkkkkkkkkkkk...........................................................................................................................................................................................................................................................................................................................................................................................................................................................................................................................aaaaaaaaaaaaaaaaaaa..........aaaaaa....aa
llllllllllllllllllmmmkkkkkk.....................................................................................................................................................................................................................................................................................................................................................................................................................................................................................................................aaaaaaaaaaaaaaaaaaaaaaaaaaaa.......aaaaaa....aa
lllllllllllllllllllllmkkkkk.....................................................................................................................................................................................................................................................................................................................................................................................................................................................................................................................aaaaaaaaaaaaaaaaaaaaaaaaaaaa.......aaaaaa....aa
lllllllllllllllllllllllmkkk..................................B....................................................................................................................................................................................................................................................................................................................................................................................................................................................................K.............aaaaaaaaaaaaaaaaaaaaaaaaaaaa.......aaaaaa....aa
llllllllllllllllllllllllmkk.............................qooooop....................C.........................................................................................................................................................................................B..................................................................................................................................................................................................................................................................aaaaaa...................aaa.....aaaa........aa
llllllllllllllllllllllllmkk................................n.....................qooop....................................................................................................................................................................................kkkkkkk..............................................................................................................lllll.A...........................................................................................................................................................................aaaa........aa
lllllllllllllllllllllllllmkkkk.............................n.......................n.......................A........................C....................................................................B..................|......................................|..kkkkkkkkkkkk........................................................................................................B.llllllllllll................................|....................|...................................................................................................................aaaa........aa
llllllllllllllllllllllllllmkkkkkkkk...B....................n.......................n.....................lll......................lll................ll...............................lll................lll.............llll..............................C...C..kkkkkkkkkkkkkkkk...C.....B...............llll..B..............lll...................lll................................llllllllllllllllll............................ll................lllll...................................................................................................................aaaa........aa
lllllllllllllllllllllllllllmmmmmmkkkkkkk...............C...n...A....|..............n...|...............lllllll..B..............lllllllll.C.........llllll...A.lll...A............C..llllll..B..........llllll....B...B.llllllll....A...B...C|......C....kkkkkkkkkkkkkkkkkkkkkkkkkkkkkkkkkkkkk..|.....A..lllllllllll..|.......lllllll.C.|........A...llllll.B..|........................llllllllllllllllllllll.|.....................llllll.B.........A.llllllll...A....A....|........................................................................|...........................aaaa...>....aa
lllllllllllllllllllllllllllllllllmmmmmkkkkkkkkkkkkkkkkkkkkkkkkkkkkkkkkkkkkkkkkkkkkkkkkkkrllllllllllllllllllllllllll....C.|llllllllllllllll.....|lllllllllllllllllllllll...A..|lllllllllllllll......|llllllllllllllllllllllllllllllllllllllllllmkkkkkkkkkkkkkkkkkkkkkkkkkkkkkkkkkkkkkkkkkkkkkkkkkrlllllllllllllllllllll...C..llllllllllll.......llllllllllllllll..C..C...C.....C..C.|lllllllllllllllllllllllllll...C...B...C..lllllllllllllllll......lllllllllllllllllllllllllmkkkkkkkkkkkkkkkkkkkkkkkkkkkkkkkkkkkkkkkkkkkkkkkkkkkkkkkkkkkkkkkkkkkkkkkkkkkkkkkkkkkkkkkkkkkkkkkkkkkkkkkkkkkkkkkkk
llllllllllllllllllllllllllllllllllllllmkkkkkkkkkkkkkkkkkkkkkkkkkkkkkkkkkkkkkkkkkkkkkkkkkkrlllllllllllllllllllllllllllllllllllllllllllllllllllllllllllllllllllllllllllllllllllllllllllllllllllllllllllllllllllllllllllllllllllllllllllllllllllmkkkkkkkkkkkkkkkkkkkkkkkkkkkkkkkkkkkkkkkkkkkkkkkkkkkrllllllllllllllllllllllllllllllllllllllllllllllllllllllllllllllllllllllllllllllllllllllllllllllllllllllllllllllllllllllllllllllllllllllllllllllllllllllllllllllllllllllllllllmkkkkkkkkkkkkkkkkkkkkkkkkkkkkkkkkkkkkkkkkkkkkkkkkkkkkkkkkkkkkkkkkkkkkkkkkkkkkkkkkkkkkkkkkkkkkkkkkkkkkkkkkkkkkkkkk
