cd...................................................................................................................................cd
cd...................................................................................................................................cd
cd...................................................................................................................................cd
cd...................................................................................................................................cd
cd...................................................................................................................................cd
cd...................................................................................................................................cd
cd...................................................................................................................................cd
cd...................................................................................................................................cd
cd...................................................................................................................................cd
cd...................................................................................................................................cd
cd....................................................................................................B..............................cd
cd....................................eeeeeeee...............................................A.......eee.......A.....................cd
cd..................................................eeeeee...............................eeeeeee.............eeeeee..................cd
cd...................................................................................................................................cd
cd...................eeee............................................................................................................cd
cd...................eeee............................................................................................................cd
cd...@...$...........eeee............A.......|..........A..A...A....|.eeeeeeeeeee..................................|..............#..cd
cdbbbbbbbbbbbbbbbbbbbbbbbbbbbbbbbbbbbbbbbbbbbbbbbbbbbbbbbbbbbbbbbbbbbbbbbbbbbbbbbbbbbbbbbbbbbbbbbbbbbbbbbbbbbbbbbbbbbbbbbbbbbbbbbbbbbcd
cdbbbbbbbbbbbbbbbbbbbbbbbbbbbbbbbbbbbbbbbbbbbbbbbbbbbbbbbbbbbbbbbbbbbbbbbbbbbbbbbbbbbbbbbbbbbbbbbbbbbbbbbbbbbbbbbbbbbbbbbbbbbbbbbbbbbcd
